// Jest Snapshot v1, https://goo.gl/fbAQLP

exports[`Button ...renders with defaults 1`] = `<button class="px-2 py-1 bg-blue-600 rounded text-white focus:outline-none focus:border-transparent focus:ring focus:ring-blue-400 focus:ring-opacity-75"></button>`;
